Compiling lib\main.dart for the Web...                          
flutter : Wasm dry 
run findings:
At line:1 char:1
+ flutter build web 
> build_errors.txt 
2>&1
+ ~~~~~~~~~~~~~~~~~~~
~~~~~~~~~~~~~~~~~~~~~
~
    + CategoryInfo   
           : NotSpe  
  cified: (Wasm dr   
 y run findings::    
String) [], Remo    
teException
    + FullyQualified 
   ErrorId : Native  
  CommandError
 
Found 
incompatibilities 
with WebAssembly.

file:///C:/Users/amad
n/AppData/Local/Pub/C
ache/hosted/pub.dev/i
mage-4.5.4/lib/src/ex
if/ifd_directory.dart
 174:26 - avoid_doubl
e_and_int_checks 
lint violation: 
Explicit check for 
double or int. (13)
file:///C:/Users/amad
n/AppData/Local/Pub/C
ache/hosted/pub.dev/i
mage-4.5.4/lib/src/ex
if/ifd_directory.dart
 183:26 - avoid_doubl
e_and_int_checks 
lint violation: 
Explicit check for 
double or int. (13)

Consider addressing 
these issues to 
enable wasm builds. 
See docs for more 
info: https://docs.fl
utter.dev/platform-in
tegration/web/wasm

Use 
--no-wasm-dry-run to 
disable these 
warnings.
Target dart2js 
failed: 
ProcessException: 
Process exited 
abnormally with exit 
code 1:
lib/shared/screens/ch
at_screen.dart:331:27
:
Error: No named 
parameter with the 
name 'emojiSizeMax'.
                     
     emojiSizeMax: 
32 * (foundation.defa
ultTargetPlatform == 
TargetPlatform.iOS ? 
1.30 : 1.0),
                     
     ^^^^^^^^^^^^
../AppData/Local/Pub/
Cache/hosted/pub.dev/
emoji_picker_flutter-
4.4.0/lib/src/config.
dart:11:9:
Info: Found this 
candidate, but the 
arguments don't 
match.
  const Config({
        ^^^^^^
lib/user/screens/sett
ings_screen.dart:31:4
8:
Error: The argument 
type 'ThemeMode' 
can't be assigned to 
the parameter type 
'bool'.
 - 'ThemeMode' is 
from 'package:flutter
/src/material/app.dar
t' ('/C:/src/flutter/
packages/flutter/lib/
src/material/app.dart
').
              themePr
ovider.setThemeMode(v
alue ? 
ThemeMode.dark : 
ThemeMode.light);
                     
                     
     ^
Error: Compilation 
failed.
  Command: C:\src\flu
tter\bin\cache\dart-s
dk\bin\dart.exe 
compile js --platform
-binaries=C:\src\flut
ter\bin\cache\flutter
_web_sdk\kernel --inv
oker=flutter_tool -Dd
art.vm.product=true -
DFLUTTER_VERSION=3.38
.1 -DFLUTTER_CHANNEL=
stable -DFLUTTER_GIT_
URL=https://github.co
m/flutter/flutter.git
 -DFLUTTER_FRAMEWORK_
REVISION=b45fa18946 -
DFLUTTER_ENGINE_REVIS
ION=b5990e5ccc -DFLUT
TER_DART_VERSION=3.10
.0 -DFLUTTER_WEB_USE_
SKIA=true -DFLUTTER_W
EB_USE_SKWASM=false -
DFLUTTER_WEB_CANVASKI
T_URL=https://www.gst
atic.com/flutter-canv
askit/b5990e5ccc5e325
fd24f0746e7d6689bbebc
7c65/ --native-null-a
ssertions 
--no-source-maps -O4 
--minify -o C:\Users\
amadn\ecormmerce-1\.d
art_tool\flutter_buil
d\75317581fdab7e6e60d
00a8239a28d07\app.dil
l --packages=C:\Users
\amadn\ecormmerce-1\.
dart_tool\package_con
fig.json --cfe-only C
:\Users\amadn\ecormme
rce-1\.dart_tool\flut
ter_build\75317581fda
b7e6e60d00a8239a28d07
\main.dart
#0      RunResult.thr
owException (package:
flutter_tools/src/bas
e/process.dart:153:5)
#1      _DefaultProce
ssUtils.run (package:
flutter_tools/src/bas
e/process.dart:379:19
)
<asynchronous 
suspension>
#2      
Dart2JSTarget.build (
package:flutter_tools
/src/build_system/tar
gets/web.dart:207:5)
<asynchronous 
suspension>
#3      _BuildInstanc
e._invokeInternal (pa
ckage:flutter_tools/s
rc/build_system/build
_system.dart:873:9)
<asynchronous 
suspension>
#4      Future.wait.<
anonymous closure> (d
art:async/future.dart
:546:21)
<asynchronous 
suspension>
#5      _BuildInstanc
e.invokeTarget (packa
ge:flutter_tools/src/
build_system/build_sy
stem.dart:811:32)
<asynchronous 
suspension>
#6      Future.wait.<
anonymous closure> (d
art:async/future.dart
:546:21)
<asynchronous 
suspension>
#7      _BuildInstanc
e.invokeTarget (packa
ge:flutter_tools/src/
build_system/build_sy
stem.dart:811:32)
<asynchronous 
suspension>
#8      FlutterBuildS
ystem.build (package:
flutter_tools/src/bui
ld_system/build_syste
m.dart:631:16)
<asynchronous 
suspension>
#9      
WebBuilder.buildWeb (
package:flutter_tools
/src/web/compile.dart
:94:34)
<asynchronous 
suspension>
#10     BuildWebComma
nd.runCommand (packag
e:flutter_tools/src/c
ommands/build_web.dar
t:296:5)
<asynchronous 
suspension>
#11     FlutterComman
d.run.<anonymous 
closure> (package:flu
tter_tools/src/runner
/flutter_command.dart
:1559:27)
<asynchronous 
suspension>
#12     AppContext.ru
n.<anonymous 
closure> (package:flu
tter_tools/src/base/c
ontext.dart:154:19)
<asynchronous 
suspension>
#13     CommandRunner
.runCommand (package:
args/command_runner.d
art:212:13)
<asynchronous 
suspension>
#14     FlutterComman
dRunner.runCommand.<a
nonymous closure> (pa
ckage:flutter_tools/s
rc/runner/flutter_com
mand_runner.dart:487:
9)
<asynchronous 
suspension>
#15     AppContext.ru
n.<anonymous 
closure> (package:flu
tter_tools/src/base/c
ontext.dart:154:19)
<asynchronous 
suspension>
#16     FlutterComman
dRunner.runCommand (p
ackage:flutter_tools/
src/runner/flutter_co
mmand_runner.dart:422
:5)
<asynchronous 
suspension>
#17     
run.<anonymous 
closure>.<anonymous 
closure> (package:flu
tter_tools/runner.dar
t:101:11)
<asynchronous 
suspension>
#18     AppContext.ru
n.<anonymous 
closure> (package:flu
tter_tools/src/base/c
ontext.dart:154:19)
<asynchronous 
suspension>
#19     main (package
:flutter_tools/execut
able.dart:103:3)
<asynchronous 
suspension>

Compiling lib\main.dart for the Web...                             88.2s
Error: Failed to 
compile application 
for the Web.
